Microchip MPLAB XC8 Compiler V2.46

Linker command line:

-W-3 \
  --edf=C:\Program Files\Microchip\xc8\v2.46\pic\dat\20240104201356_en.msgs \
  -cn -h+dist/default/production\A03.X.production.sym \
  --cmf=dist/default/production\A03.X.production.cmf -z -Q18F4580 \
  -oC:\Users\Ashinv\AppData\Local\Temp\xcAs574.\driver_tmp_3.o \
  --defsym=__MPLAB_BUILD=1 --fixupoverflow=error \
  -Mdist/default/production/A03.X.production.map \
  --md=C:\Users\Ashinv\AppData\Local\Temp\xcAs574.\driver_tmp_0.dat -E1 \
  -ver=XC8 Compiler --acfsm=1493 -ACODE=00h-07FFFh -ACONST=00h-07FFFh \
  -ASMALLCONST=0600h-06FFhx122 -AMEDIUMCONST=0600h-07FFFh -ACOMRAM=01h-05Fh \
  -AABS1=00h-05FFh -ABIGRAM=01h-05FFh -ARAM=060h-0FFh,0100h-01FFhx5 \
  -ABANK0=060h-0FFh -ABANK1=0100h-01FFh -ABANK2=0200h-02FFh \
  -ABANK3=0300h-03FFh -ABANK4=0400h-04FFh -ABANK5=0500h-05FFh \
  -ASFR=0D00h-0DFFhx2,0F00h-0F5Fh,0F60h-0FFFh -ABIGSFR=0D00h-0FFFh \
  -ACONFIG=0300000h-030000Dh -AIDLOC=0200000h-0200007h \
  -AEEDATA=0F00000h-0F000FFh -peeprom_data=EEDATA \
  -preset_vec=00h,intcode,sivt_hi,intcodelo,sivt_lo,powerup,init \
  -pramtop=0600h -psmallconst=SMALLCONST -pmediumconst=MEDIUMCONST \
  -pconst=CONST -AFARRAM=00h-00h \
  -prdata=COMRAM,nvrram=COMRAM,nvbit=COMRAM,rbss=COMRAM,rbit=COMRAM \
  -pfarbss=FARRAM,fardata=FARRAM,nvFARRAM=FARRAM \
  -pintsave_regs=BIGRAM,bigbss=BIGRAM,bigdata=BIGRAM -pbss=RAM \
  -pidata=CODE,irdata=CODE,ibigdata=CODE,ifardata=CODE -prparam=COMRAM \
  C:\Users\Ashinv\AppData\Local\Temp\xcAs574.\driver_tmp_9.o \
  dist/default/production\A03.X.production.o 

Object code version is 3.11

Machine type is 18F4580



                Name                               Link     Load   Length Selector   Space Scale
C:\Users\Ashinv\AppData\Local\Temp\xcAs574.\driver_tmp_9.o
                idloc                            200000   200000        8        0       5
                config                           300000   300000        E        0       4
                init                                  0        0        4        0       0
dist/default/production\A03.X.production.o
                idloc                            200000   200000        8        0       5
                config                           300000   300000        E        0       4
                smallconst                          600      600        2      300       0
                text7                               92E      92E       1A      301       0
                text6                               914      914       1A      301       0
                text5                               956      956        8      301       0
                text4                               948      948        E      301       0
                text3                               800      800       8A      301       0
                text2                               88A      88A       62      301       0
                text1                               602      602      102      301       0
                text0                               704      704       FC      301       0
                cstackCOMRAM                          1        1        F        1       1
                dataCOMRAM                           16       16        1        1       1
                bssCOMRAM                            10       10        6        1       1
                cinit                               8EC      8EC       28      301       0
                idataCOMRAM                         95E      95E        1      301       0

TOTAL           Name                               Link     Load   Length     Space
        CLASS   CODE           
                init                                  0        0        4         0
                text7                               92E      92E       1A         0
                text6                               914      914       1A         0
                text5                               956      956        8         0
                text4                               948      948        E         0
                text3                               800      800       8A         0
                text2                               88A      88A       62         0
                text1                               602      602      102         0
                text0                               704      704       FC         0
                cinit                               8EC      8EC       28         0
                idataCOMRAM                         95E      95E        1         0

        CLASS   CONST          

        CLASS   SMALLCONST     
                smallconst                          600      600        2         0

        CLASS   MEDIUMCONST    

        CLASS   COMRAM         
                cstackCOMRAM                          1        1        F         1
                dataCOMRAM                           16       16        1         1
                bssCOMRAM                            10       10        6         1

        CLASS   ABS1           

        CLASS   BIGRAM         

        CLASS   RAM            

        CLASS   BANK0          

        CLASS   BANK1          

        CLASS   BANK2          

        CLASS   BANK3          

        CLASS   BANK4          

        CLASS   BANK5          

        CLASS   SFR            

        CLASS   BIGSFR         

        CLASS   CONFIG         
                config                           300000   300000        E         4

        CLASS   IDLOC          
                idloc                            200000   200000        8         5

        CLASS   EEDATA         

        CLASS   FARRAM         

        CLASS   HEAP           

        CLASS   STACK          



SEGMENTS        Name                           Load    Length   Top    Selector   Space  Class

                reset_vec                      000000  000004  000004         0       0  CODE    
                cstackCOMRAM                   000001  000016  000017         1       1  COMRAM  
                smallconst                     000600  000002  000602       300       0  SMALLCON
                text1                          000602  00035D  00095F       301       0  CODE    


UNUSED ADDRESS RANGES

        Name                Unused          Largest block    Delta
        BANK0            000060-0000FF               A0
        BANK1            000100-0001FF              100
        BANK2            000200-0002FF              100
        BANK3            000300-0003FF              100
        BANK4            000400-0004FF              100
        BANK5            000500-0005FF              100
        BIGRAM           000017-0005FF              5E9
        BIGSFR           000D00-000FFF              300
        CODE             000004-0005FF              5FC
                         00095F-007FFF             76A1
        COMRAM           000017-00005F               49
        CONST            000004-0005FF              5FC
                         00095F-007FFF             76A1
        EEDATA           F00000-F000FF              100
        MEDIUMCONST      00095F-007FFF             76A1
        RAM              000060-0005FF              100
        SFR              000D00-000FFF              100
        SMALLCONST       00095F-007FFF              100

                                  Symbol Table

_PORTB                       (abs)        000F81
_PORTC                       (abs)        000F82
_TRISB                       (abs)        000F93
_TRISC                       (abs)        000F94
__HRAM                       (abs)        000000
__H__absolute__              __absolute__ 000000
__Habs1                      abs1         000000
__Hbank0                     bank0        000000
__Hbank1                     bank1        000000
__Hbank2                     bank2        000000
__Hbank3                     bank3        000000
__Hbank4                     bank4        000000
__Hbank5                     bank5        000000
__Hbigbss                    bigbss       000000
__Hbigdata                   bigdata      000000
__Hbigram                    bigram       000000
__Hbigsfr                    bigsfr       000000
__Hbss                       bss          000000
__HbssCOMRAM                 bssCOMRAM    000000
__Hcinit                     cinit        000000
__Hclrtext                   clrtext      000000
__Hcomram                    comram       000000
__Hconfig                    config       30000E
__Hconst                     const        000000
__HcstackCOMRAM              cstackCOMRAM 000000
__Hdata                      data         000000
__HdataCOMRAM                dataCOMRAM   000000
__Heeprom_data               eeprom_data  000000
__Hfarbss                    farbss       000000
__Hfardata                   fardata      000000
__Hheap                      heap         000000
__Hibigdata                  ibigdata     000000
__Hidata                     idata        000000
__HidataCOMRAM               idataCOMRAM  000000
__Hidloc                     idloc        200008
__Hifardata                  ifardata     000000
__Hinit                      init         000004
__Hintcode                   intcode      000000
__Hintcode_body              intcode_body 000000
__Hintcodelo                 intcodelo    000000
__Hintentry                  intentry     000000
__Hintret                    intret       000000
__Hintsave_regs              intsave_regs 000000
__Hirdata                    irdata       000000
__Hmediumconst               mediumconst  000000
__HnvFARRAM                  nvFARRAM     000000
__Hnvbit                     nvbit        000000
__Hnvrram                    nvrram       000000
__Hparam                     rparam       000000
__Hpowerup                   powerup      000000
__Hram                       ram          000000
__Hramtop                    ramtop       000600
__Hrbit                      rbit         000000
__Hrbss                      rbss         000000
__Hrdata                     rdata        000000
__Hreset_vec                 reset_vec    000000
__Hrparam                    rparam       000000
__Hsfr                       sfr          000000
__Hsivt_hi                   sivt_hi      000000
__Hsivt_lo                   sivt_lo      000000
__Hsmallconst                smallconst   000602
__Hspace_0                   (abs)        00095F
__Hspace_1                   (abs)        000017
__Hspace_2                   (abs)        000000
__Hspace_4                   (abs)        60000E
__Hstack                     stack        000000
__Hstruct                    struct       000000
__Htemp                      temp         000000
__Htext                      text         000000
__Htext0                     text0        000000
__Htext1                     text1        000000
__Htext2                     text2        000000
__Htext3                     text3        000000
__Htext4                     text4        000000
__Htext5                     text5        000000
__Htext6                     text6        000000
__Htext7                     text7        000000
__LRAM                       (abs)        000001
__L__absolute__              __absolute__ 000000
__Labs1                      abs1         000000
__Lbank0                     bank0        000000
__Lbank1                     bank1        000000
__Lbank2                     bank2        000000
__Lbank3                     bank3        000000
__Lbank4                     bank4        000000
__Lbank5                     bank5        000000
__Lbigbss                    bigbss       000000
__Lbigdata                   bigdata      000000
__Lbigram                    bigram       000000
__Lbigsfr                    bigsfr       000000
__Lbss                       bss          000000
__LbssCOMRAM                 bssCOMRAM    000000
__Lcinit                     cinit        000000
__Lclrtext                   clrtext      000000
__Lcomram                    comram       000000
__Lconfig                    config       000000
__Lconst                     const        000000
__LcstackCOMRAM              cstackCOMRAM 000000
__Ldata                      data         000000
__LdataCOMRAM                dataCOMRAM   000000
__Leeprom_data               eeprom_data  000000
__Lfarbss                    farbss       000000
__Lfardata                   fardata      000000
__Lheap                      heap         000000
__Libigdata                  ibigdata     000000
__Lidata                     idata        000000
__LidataCOMRAM               idataCOMRAM  000000
__Lidloc                     idloc        000000
__Lifardata                  ifardata     000000
__Linit                      init         000000
__Lintcode                   intcode      000000
__Lintcode_body              intcode_body 000000
__Lintcodelo                 intcodelo    000000
__Lintentry                  intentry     000000
__Lintret                    intret       000000
__Lintsave_regs              intsave_regs 000000
__Lirdata                    irdata       000000
__Lmediumconst               mediumconst  000000
__LnvFARRAM                  nvFARRAM     000000
__Lnvbit                     nvbit        000000
__Lnvrram                    nvrram       000000
__Lparam                     rparam       000000
__Lpowerup                   powerup      000000
__Lram                       ram          000000
__Lramtop                    ramtop       000600
__Lrbit                      rbit         000000
__Lrbss                      rbss         000000
__Lrdata                     rdata        000000
__Lreset_vec                 reset_vec    000000
__Lrparam                    rparam       000000
__Lsfr                       sfr          000000
__Lsivt_hi                   sivt_hi      000000
__Lsivt_lo                   sivt_lo      000000
__Lsmallconst                smallconst   000600
__Lspace_0                   (abs)        000000
__Lspace_1                   (abs)        000000
__Lspace_2                   (abs)        000000
__Lspace_4                   (abs)        000000
__Lstack                     stack        000000
__Lstruct                    struct       000000
__Ltemp                      temp         000000
__Ltext                      text         000000
__Ltext0                     text0        000000
__Ltext1                     text1        000000
__Ltext2                     text2        000000
__Ltext3                     text3        000000
__Ltext4                     text4        000000
__Ltext5                     text5        000000
__Ltext6                     text6        000000
__Ltext7                     text7        000000
__S0                         (abs)        00095F
__S1                         (abs)        000017
__S4                         (abs)        000000
__S5                         (abs)        000000
___heap_hi                   (abs)        000000
___heap_lo                   (abs)        000000
___inthi_sp                  stack        000000
___inthi_stack_hi            stack        000000
___inthi_stack_lo            stack        000000
___intlo_sp                  stack        000000
___intlo_stack_hi            stack        000000
___intlo_stack_lo            stack        000000
___param_bank                (abs)        000000
___rparam_used               (abs)        000001
___sp                        stack        000000
___stack_hi                  stack        000000
___stack_lo                  stack        000000
__accesstop                  (abs)        000060
__activetblptr               (abs)        000002
__end_of__initialization     cinit        00090A
__end_of_alernate_led        text7        000948
__end_of_alternate_nibble    text6        00092E
__end_of_init_config         text4        000956
__end_of_init_digital_keypad text5        00095E
__end_of_left_right_train    text3        00088A
__end_of_main                text0        000800
__end_of_read_digital_keypad text2        0008EC
__end_of_run_train           text1        000704
__initialization             cinit        0008EC
__mediumconst                mediumconst  000000
__pbssCOMRAM                 bssCOMRAM    000010
__pcinit                     cinit        0008EC
__pcstackCOMRAM              cstackCOMRAM 000001
__pdataCOMRAM                dataCOMRAM   000016
__pidataCOMRAM               idataCOMRAM  00095E
__psmallconst                smallconst   000600
__ptext0                     text0        000704
__ptext1                     text1        000602
__ptext2                     text2        00088A
__ptext3                     text3        000800
__ptext4                     text4        000948
__ptext5                     text5        000956
__ptext6                     text6        000914
__ptext7                     text7        00092E
__ramtop                     ramtop       000600
__smallconst                 smallconst   000600
_alernate_led                text7        00092E
_alternate_nibble            text6        000914
_init_config                 text4        000948
_init_digital_keypad         text5        000956
_left_right_train            text3        000800
_left_right_train$45         cstackCOMRAM 000005
_main                        text0        000704
_read_digital_keypad         text2        00088A
_run_train                   text1        000602
_run_train$40                cstackCOMRAM 000006
_run_train$41                cstackCOMRAM 000008
alernate_led@flag            cstackCOMRAM 000001
alternate_nibble@flag        cstackCOMRAM 000001
end_of_initialization        cinit        00090A
intlevel0                    text         000000
intlevel1                    text         000000
intlevel2                    text         000000
intlevel3                    text         000000
isa$std                      (abs)        000001
isa$xinst                    (abs)        000000
left_right_train@flag        cstackCOMRAM 000001
left_right_train@set_on_flag bssCOMRAM    000010
main@cur_key                 cstackCOMRAM 00000C
main@flag                    cstackCOMRAM 00000E
main@key                     cstackCOMRAM 00000D
main@wait                    cstackCOMRAM 00000A
read_digital_keypad@mode     cstackCOMRAM 000001
read_digital_keypad@once     dataCOMRAM   000016
run_train@direction_flag     bssCOMRAM    000014
run_train@flag               cstackCOMRAM 000001
run_train@set_on_flag        bssCOMRAM    000012
stackhi                      (abs)        000000
stacklo                      (abs)        000000
start                        init         000000
start_initialization         cinit        0008EC


MODULE INFORMATION

Module		Function		Class		Link	Load	Size
keypad.c
		_init_digital_keypad		CODE           	0956	0000	8
		_read_digital_keypad		CODE           	088A	0000	98

keypad.c estimated size: 106

shared
		__initialization		CODE           	08EC	0000	30

shared estimated size: 30

main.c
		_main          		CODE           	0704	0000	252
		_alternate_nibble		CODE           	0914	0000	26
		_run_train     		CODE           	0602	0000	258
		_left_right_train		CODE           	0800	0000	138
		_alernate_led  		CODE           	092E	0000	26
		_init_config   		CODE           	0948	0000	14

main.c estimated size: 714

