Microchip MPLAB XC8 Compiler V2.46

Linker command line:

-W-3 \
  --edf=C:\Program Files\Microchip\xc8\v2.46\pic\dat\20240104201356_en.msgs \
  -cn -h+dist/default/production\A26.X.production.sym \
  --cmf=dist/default/production\A26.X.production.cmf -z -Q18F4580 \
  -oC:\Users\MOWLEE~1\AppData\Local\Temp\xcAsq2o.\driver_tmp_3.o \
  --defsym=__MPLAB_BUILD=1 --fixupoverflow=error \
  -Mdist/default/production/A26.X.production.map \
  --md=C:\Users\MOWLEE~1\AppData\Local\Temp\xcAsq2o.\driver_tmp_0.dat -E1 \
  -ver=XC8 Compiler --acfsm=1493 -ACODE=00h-07FFFh -ACONST=00h-07FFFh \
  -ASMALLCONST=0600h-06FFhx122 -AMEDIUMCONST=0600h-07FFFh -ACOMRAM=01h-05Fh \
  -AABS1=00h-05FFh -ABIGRAM=01h-05FFh -ARAM=060h-0FFh,0100h-01FFhx5 \
  -ABANK0=060h-0FFh -ABANK1=0100h-01FFh -ABANK2=0200h-02FFh \
  -ABANK3=0300h-03FFh -ABANK4=0400h-04FFh -ABANK5=0500h-05FFh \
  -ASFR=0D00h-0DFFhx2,0F00h-0F5Fh,0F60h-0FFFh -ABIGSFR=0D00h-0FFFh \
  -ACONFIG=0300000h-030000Dh -AIDLOC=0200000h-0200007h \
  -AEEDATA=0F00000h-0F000FFh -peeprom_data=EEDATA \
  -preset_vec=00h,intcode,sivt_hi,intcodelo,sivt_lo,powerup,init \
  -pramtop=0600h -psmallconst=SMALLCONST -pmediumconst=MEDIUMCONST \
  -pconst=CONST -AFARRAM=00h-00h \
  -prdata=COMRAM,nvrram=COMRAM,nvbit=COMRAM,rbss=COMRAM,rbit=COMRAM \
  -pfarbss=FARRAM,fardata=FARRAM,nvFARRAM=FARRAM \
  -pintsave_regs=BIGRAM,bigbss=BIGRAM,bigdata=BIGRAM -pbss=RAM \
  -pidata=CODE,irdata=CODE,ibigdata=CODE,ifardata=CODE -prparam=COMRAM \
  C:\Users\MOWLEE~1\AppData\Local\Temp\xcAsq2o.\driver_tmp_9.o \
  dist/default/production\A26.X.production.o 

Object code version is 3.11

Machine type is 18F4580



                Name                               Link     Load   Length Selector   Space Scale
C:\Users\MOWLEE~1\AppData\Local\Temp\xcAsq2o.\driver_tmp_9.o
                idloc                            200000   200000        8        0       5
                config                           300000   300000        E        0       4
                init                                  0        0        4        0       0
dist/default/production\A26.X.production.o
                idloc                            200000   200000        8        0       5
                config                           300000   300000        E        0       4
                smallconst                          600      600        2      300       0
                text8                               9DA      9DA       C4      301       0
                text7                               A9E      A9E       B0      301       0
                text6                               BD4      BD4       6A      301       0
                text5                               B4E      B4E       86      301       0
                text4                               C94      C94       16      301       0
                text3                               CAA      CAA       14      301       0
                text2                               CBE      CBE       12      301       0
                text1                               C3E      C3E       30      301       0
                text0                               602      602      3D8      301       0
                cstackCOMRAM                          1        1       27        1       1
                dataCOMRAM                           28       28        A        1       1
                cinit                               C6E      C6E       26      301       0
                idataCOMRAM                         CD0      CD0        A      301       0

TOTAL           Name                               Link     Load   Length     Space
        CLASS   CODE           
                init                                  0        0        4         0
                text8                               9DA      9DA       C4         0
                text7                               A9E      A9E       B0         0
                text6                               BD4      BD4       6A         0
                text5                               B4E      B4E       86         0
                text4                               C94      C94       16         0
                text3                               CAA      CAA       14         0
                text2                               CBE      CBE       12         0
                text1                               C3E      C3E       30         0
                text0                               602      602      3D8         0
                cinit                               C6E      C6E       26         0
                idataCOMRAM                         CD0      CD0        A         0

        CLASS   CONST          

        CLASS   SMALLCONST     
                smallconst                          600      600        2         0

        CLASS   MEDIUMCONST    

        CLASS   COMRAM         
                cstackCOMRAM                          1        1       27         1
                dataCOMRAM                           28       28        A         1

        CLASS   ABS1           

        CLASS   BIGRAM         

        CLASS   RAM            

        CLASS   BANK0          

        CLASS   BANK1          

        CLASS   BANK2          

        CLASS   BANK3          

        CLASS   BANK4          

        CLASS   BANK5          

        CLASS   SFR            

        CLASS   BIGSFR         

        CLASS   CONFIG         
                config                           300000   300000        E         4

        CLASS   IDLOC          
                idloc                            200000   200000        8         5

        CLASS   EEDATA         

        CLASS   FARRAM         

        CLASS   HEAP           

        CLASS   STACK          



SEGMENTS        Name                           Load    Length   Top    Selector   Space  Class

                reset_vec                      000000  000004  000004         0       0  CODE    
                cstackCOMRAM                   000001  000031  000032         1       1  COMRAM  
                smallconst                     000600  000002  000602       300       0  SMALLCON
                text0                          000602  0006D8  000CDA       301       0  CODE    


UNUSED ADDRESS RANGES

        Name                Unused          Largest block    Delta
        BANK0            000060-0000FF               A0
        BANK1            000100-0001FF              100
        BANK2            000200-0002FF              100
        BANK3            000300-0003FF              100
        BANK4            000400-0004FF              100
        BANK5            000500-0005FF              100
        BIGRAM           000032-0005FF              5CE
        BIGSFR           000D00-000FFF              300
        CODE             000004-0005FF              5FC
                         000CDA-007FFF             7326
        COMRAM           000032-00005F               2E
        CONST            000004-0005FF              5FC
                         000CDA-007FFF             7326
        EEDATA           F00000-F000FF              100
        MEDIUMCONST      000CDA-007FFF             7326
        RAM              000060-0005FF              100
        SFR              000D00-000FFF              100
        SMALLCONST       000CDA-007FFF              100

                                  Symbol Table

?___awdiv                      cstackCOMRAM 000001
?___awmod                      cstackCOMRAM 000009
?___lmul                       cstackCOMRAM 000001
_ADCON1                        (abs)        000FC1
_CFGS                          (abs)        007D36
_EEADR                         (abs)        000FA9
_EECON2                        (abs)        000FA7
_EEDATA                        (abs)        000FA8
_EEIF                          (abs)        007D0C
_EEPGD                         (abs)        007D37
_GIE                           (abs)        007F97
_PORTA                         (abs)        000F80
_PORTB                         (abs)        000F81
_PORTD                         (abs)        000F83
_RC0                           (abs)        007C10
_RC1                           (abs)        007C11
_RD                            (abs)        007D30
_TRISA                         (abs)        000F92
_TRISB                         (abs)        000F93
_TRISC                         (abs)        000F94
_TRISD                         (abs)        000F95
_WR                            (abs)        007D31
_WREN                          (abs)        007D32
__HRAM                         (abs)        000000
__H__absolute__                __absolute__ 000000
__Habs1                        abs1         000000
__Hbank0                       bank0        000000
__Hbank1                       bank1        000000
__Hbank2                       bank2        000000
__Hbank3                       bank3        000000
__Hbank4                       bank4        000000
__Hbank5                       bank5        000000
__Hbigbss                      bigbss       000000
__Hbigdata                     bigdata      000000
__Hbigram                      bigram       000000
__Hbigsfr                      bigsfr       000000
__Hbss                         bss          000000
__Hcinit                       cinit        000000
__Hclrtext                     clrtext      000000
__Hcomram                      comram       000000
__Hconfig                      config       30000E
__Hconst                       const        000000
__HcstackCOMRAM                cstackCOMRAM 000000
__Hdata                        data         000000
__HdataCOMRAM                  dataCOMRAM   000000
__Heeprom_data                 eeprom_data  000000
__Hfarbss                      farbss       000000
__Hfardata                     fardata      000000
__Hheap                        heap         000000
__Hibigdata                    ibigdata     000000
__Hidata                       idata        000000
__HidataCOMRAM                 idataCOMRAM  000000
__Hidloc                       idloc        200008
__Hifardata                    ifardata     000000
__Hinit                        init         000004
__Hintcode                     intcode      000000
__Hintcode_body                intcode_body 000000
__Hintcodelo                   intcodelo    000000
__Hintentry                    intentry     000000
__Hintret                      intret       000000
__Hintsave_regs                intsave_regs 000000
__Hirdata                      irdata       000000
__Hmediumconst                 mediumconst  000000
__HnvFARRAM                    nvFARRAM     000000
__Hnvbit                       nvbit        000000
__Hnvrram                      nvrram       000000
__Hparam                       rparam       000000
__Hpowerup                     powerup      000000
__Hram                         ram          000000
__Hramtop                      ramtop       000600
__Hrbit                        rbit         000000
__Hrbss                        rbss         000000
__Hrdata                       rdata        000000
__Hreset_vec                   reset_vec    000000
__Hrparam                      rparam       000000
__Hsfr                         sfr          000000
__Hsivt_hi                     sivt_hi      000000
__Hsivt_lo                     sivt_lo      000000
__Hsmallconst                  smallconst   000602
__Hspace_0                     (abs)        000CDA
__Hspace_1                     (abs)        000032
__Hspace_2                     (abs)        000000
__Hspace_4                     (abs)        60000E
__Hstack                       stack        000000
__Hstruct                      struct       000000
__Htemp                        temp         000000
__Htext                        text         000000
__Htext0                       text0        000000
__Htext1                       text1        000000
__Htext2                       text2        000000
__Htext3                       text3        000000
__Htext4                       text4        000000
__Htext5                       text5        000000
__Htext6                       text6        000000
__Htext7                       text7        000000
__Htext8                       text8        000000
__LRAM                         (abs)        000001
__L__absolute__                __absolute__ 000000
__Labs1                        abs1         000000
__Lbank0                       bank0        000000
__Lbank1                       bank1        000000
__Lbank2                       bank2        000000
__Lbank3                       bank3        000000
__Lbank4                       bank4        000000
__Lbank5                       bank5        000000
__Lbigbss                      bigbss       000000
__Lbigdata                     bigdata      000000
__Lbigram                      bigram       000000
__Lbigsfr                      bigsfr       000000
__Lbss                         bss          000000
__Lcinit                       cinit        000000
__Lclrtext                     clrtext      000000
__Lcomram                      comram       000000
__Lconfig                      config       000000
__Lconst                       const        000000
__LcstackCOMRAM                cstackCOMRAM 000000
__Ldata                        data         000000
__LdataCOMRAM                  dataCOMRAM   000000
__Leeprom_data                 eeprom_data  000000
__Lfarbss                      farbss       000000
__Lfardata                     fardata      000000
__Lheap                        heap         000000
__Libigdata                    ibigdata     000000
__Lidata                       idata        000000
__LidataCOMRAM                 idataCOMRAM  000000
__Lidloc                       idloc        000000
__Lifardata                    ifardata     000000
__Linit                        init         000000
__Lintcode                     intcode      000000
__Lintcode_body                intcode_body 000000
__Lintcodelo                   intcodelo    000000
__Lintentry                    intentry     000000
__Lintret                      intret       000000
__Lintsave_regs                intsave_regs 000000
__Lirdata                      irdata       000000
__Lmediumconst                 mediumconst  000000
__LnvFARRAM                    nvFARRAM     000000
__Lnvbit                       nvbit        000000
__Lnvrram                      nvrram       000000
__Lparam                       rparam       000000
__Lpowerup                     powerup      000000
__Lram                         ram          000000
__Lramtop                      ramtop       000600
__Lrbit                        rbit         000000
__Lrbss                        rbss         000000
__Lrdata                       rdata        000000
__Lreset_vec                   reset_vec    000000
__Lrparam                      rparam       000000
__Lsfr                         sfr          000000
__Lsivt_hi                     sivt_hi      000000
__Lsivt_lo                     sivt_lo      000000
__Lsmallconst                  smallconst   000600
__Lspace_0                     (abs)        000000
__Lspace_1                     (abs)        000000
__Lspace_2                     (abs)        000000
__Lspace_4                     (abs)        000000
__Lstack                       stack        000000
__Lstruct                      struct       000000
__Ltemp                        temp         000000
__Ltext                        text         000000
__Ltext0                       text0        000000
__Ltext1                       text1        000000
__Ltext2                       text2        000000
__Ltext3                       text3        000000
__Ltext4                       text4        000000
__Ltext5                       text5        000000
__Ltext6                       text6        000000
__Ltext7                       text7        000000
__Ltext8                       text8        000000
__S0                           (abs)        000CDA
__S1                           (abs)        000032
__S4                           (abs)        000000
__S5                           (abs)        000000
___awdiv                       text8        0009DA
___awdiv@counter               cstackCOMRAM 000005
___awdiv@dividend              cstackCOMRAM 000001
___awdiv@divisor               cstackCOMRAM 000003
___awdiv@quotient              cstackCOMRAM 000007
___awdiv@sign                  cstackCOMRAM 000006
___awmod                       text7        000A9E
___awmod@counter               cstackCOMRAM 00000D
___awmod@dividend              cstackCOMRAM 000009
___awmod@divisor               cstackCOMRAM 00000B
___awmod@sign                  cstackCOMRAM 00000E
___heap_hi                     (abs)        000000
___heap_lo                     (abs)        000000
___inthi_sp                    stack        000000
___inthi_stack_hi              stack        000000
___inthi_stack_lo              stack        000000
___intlo_sp                    stack        000000
___intlo_stack_hi              stack        000000
___intlo_stack_lo              stack        000000
___lmul                        text6        000BD4
___lmul@multiplicand           cstackCOMRAM 000005
___lmul@multiplier             cstackCOMRAM 000001
___lmul@product                cstackCOMRAM 000009
___param_bank                  (abs)        000000
___rparam_used                 (abs)        000001
___sp                          stack        000000
___stack_hi                    stack        000000
___stack_lo                    stack        000000
__accesstop                    (abs)        000060
__activetblptr                 (abs)        000000
__end_of___awdiv               text8        000A9E
__end_of___awmod               text7        000B4E
__end_of___lmul                text6        000C3E
__end_of__initialization       cinit        000C8E
__end_of_display               text5        000BD4
__end_of_init_config           text3        000CBE
__end_of_init_ssd              text4        000CAA
__end_of_main                  text0        0009DA
__end_of_read_internal_eeprom  text2        000CD0
__end_of_write_internal_eeprom text1        000C6E
__initialization               cinit        000C6E
__mediumconst                  mediumconst  000000
__pcinit                       cinit        000C6E
__pcstackCOMRAM                cstackCOMRAM 000001
__pdataCOMRAM                  dataCOMRAM   000028
__pidataCOMRAM                 idataCOMRAM  000CD0
__psmallconst                  smallconst   000600
__ptext0                       text0        000602
__ptext1                       text1        000C3E
__ptext2                       text2        000CBE
__ptext3                       text3        000CAA
__ptext4                       text4        000C94
__ptext5                       text5        000B4E
__ptext6                       text6        000BD4
__ptext7                       text7        000A9E
__ptext8                       text8        0009DA
__ramtop                       ramtop       000600
__smallconst                   smallconst   000600
_digits                        dataCOMRAM   000028
_display                       text5        000B4E
_init_config                   text3        000CAA
_init_ssd                      text4        000C94
_main                          text0        000602
_read_internal_eeprom          text2        000CBE
_write_internal_eeprom         text1        000C3E
display@count                  cstackCOMRAM 000002
display@data                   cstackCOMRAM 000001
display@i                      cstackCOMRAM 00000A
display@wait                   cstackCOMRAM 000006
end_of_initialization          cinit        000C8E
intlevel0                      text         000000
intlevel1                      text         000000
intlevel2                      text         000000
intlevel3                      text         000000
isa$std                        (abs)        000001
isa$xinst                      (abs)        000000
main@a                         cstackCOMRAM 00001F
main@count                     cstackCOMRAM 000020
main@count1                    cstackCOMRAM 000026
main@data                      cstackCOMRAM 000022
main@delay                     cstackCOMRAM 000017
main@ssd                       cstackCOMRAM 000013
main@sum                       cstackCOMRAM 00001B
read_internal_eeprom@address   cstackCOMRAM 000001
stackhi                        (abs)        000000
stacklo                        (abs)        000000
start                          init         000000
start_initialization           cinit        000C6E
write_internal_eeprom@address  cstackCOMRAM 000002
write_internal_eeprom@data     cstackCOMRAM 000001


MODULE INFORMATION

Module		Function		Class		Link	Load	Size
C:\Program Files\Microchip\xc8\v2.46\pic\sources\c99\common\awdiv.c
		___awdiv       		CODE           	09DA	0000	196

C:\Program Files\Microchip\xc8\v2.46\pic\sources\c99\common\awdiv.c estimated size: 196

read.c
		_read_internal_eeprom		CODE           	0CBE	0000	18

read.c estimated size: 18

shared
		__initialization		CODE           	0C6E	0000	32

shared estimated size: 32

display.c
		_init_ssd      		CODE           	0C94	0000	22
		_display       		CODE           	0B4E	0000	134

display.c estimated size: 156

C:\Program Files\Microchip\xc8\v2.46\pic\sources\c99\common\awmod.c
		___awmod       		CODE           	0A9E	0000	176

C:\Program Files\Microchip\xc8\v2.46\pic\sources\c99\common\awmod.c estimated size: 176

write.c
		_write_internal_eeprom		CODE           	0C3E	0000	48

write.c estimated size: 48

main.c
		_main          		CODE           	0602	0000	984
		_init_config   		CODE           	0CAA	0000	20

main.c estimated size: 1004

C:\Program Files\Microchip\xc8\v2.46\pic\sources\c99\common\Umul32.c
		___lmul        		CODE           	0BD4	0000	106

C:\Program Files\Microchip\xc8\v2.46\pic\sources\c99\common\Umul32.c estimated size: 106

