Microchip MPLAB XC8 Compiler V2.46

Linker command line:

-W-3 \
  --edf=C:\Program Files\Microchip\xc8\v2.46\pic\dat\20240104201356_en.msgs \
  -cn -h+dist/default/production\A11A.X.production.sym \
  --cmf=dist/default/production\A11A.X.production.cmf -z -Q18F4580 \
  -oC:\Users\aldri\AppData\Local\Temp\xcAscns.\driver_tmp_3.o \
  --defsym=__MPLAB_BUILD=1 --fixupoverflow=error \
  -Mdist/default/production/A11A.X.production.map \
  --md=C:\Users\aldri\AppData\Local\Temp\xcAscns.\driver_tmp_0.dat -E1 \
  -ver=XC8 Compiler --acfsm=1493 -ACODE=00h-07FFFh -ACONST=00h-07FFFh \
  -ASMALLCONST=0600h-06FFhx122 -AMEDIUMCONST=0600h-07FFFh -ACOMRAM=01h-05Fh \
  -AABS1=00h-05FFh -ABIGRAM=01h-05FFh -ARAM=060h-0FFh,0100h-01FFhx5 \
  -ABANK0=060h-0FFh -ABANK1=0100h-01FFh -ABANK2=0200h-02FFh \
  -ABANK3=0300h-03FFh -ABANK4=0400h-04FFh -ABANK5=0500h-05FFh \
  -ASFR=0D00h-0DFFhx2,0F00h-0F5Fh,0F60h-0FFFh -ABIGSFR=0D00h-0FFFh \
  -ACONFIG=0300000h-030000Dh -AIDLOC=0200000h-0200007h \
  -AEEDATA=0F00000h-0F000FFh -peeprom_data=EEDATA \
  -preset_vec=00h,intcode=8h,intcodelo,powerup,init -pramtop=0600h \
  -psmallconst=SMALLCONST -pmediumconst=MEDIUMCONST -pconst=CONST \
  -AFARRAM=00h-00h \
  -prdata=COMRAM,nvrram=COMRAM,nvbit=COMRAM,rbss=COMRAM,rbit=COMRAM \
  -pfarbss=FARRAM,fardata=FARRAM,nvFARRAM=FARRAM \
  -pintsave_regs=BIGRAM,bigbss=BIGRAM,bigdata=BIGRAM -pbss=RAM \
  -pidata=CODE,irdata=CODE,ibigdata=CODE,ifardata=CODE -prparam=COMRAM \
  C:\Users\aldri\AppData\Local\Temp\xcAscns.\driver_tmp_9.o \
  dist/default/production\A11A.X.production.o 

Object code version is 3.11

Machine type is 18F4580



                Name                               Link     Load   Length Selector   Space Scale
C:\Users\aldri\AppData\Local\Temp\xcAscns.\driver_tmp_9.o
                idloc                            200000   200000        8        0       5
                config                           300000   300000        E        0       4
                init                                  E        E        4        4       0
                reset_vec                             0        0        4        0       0
dist/default/production\A11A.X.production.o
                intcode                               8        8        6        4       0
                idloc                            200000   200000        8        0       5
                config                           300000   300000        E        0       4
                temp                                 24       24        1        1       1
                smallconst                          600      600        2      300       0
                intcode_body                        ABC      ABC       6A      301       0
                text7                               9D6      9D6       74      301       0
                text6                               B26      B26       64      301       0
                text5                               95E      95E       78      301       0
                text4                               BDA      BDA       16      301       0
                text3                               BFC      BFC        A      5FE       0
                text2                               BC0      BC0       1A      301       0
                text1                               A4A      A4A       72      301       0
                text0                               602      602      35C      301       0
                cstackCOMRAM                          1        1       12        1       1
                dataCOMRAM                           13       13        B        1       1
                bssCOMRAM                            1E       1E        6        1       1
                cinit                               B8A      B8A       36      301       0
                idataCOMRAM                         BF0      BF0        B      301       0

TOTAL           Name                               Link     Load   Length     Space
        CLASS   CODE           
                intcode                               8        8        6         0
                init                                  E        E        4         0
                reset_vec                             0        0        4         0
                intcode_body                        ABC      ABC       6A         0
                text7                               9D6      9D6       74         0
                text6                               B26      B26       64         0
                text5                               95E      95E       78         0
                text4                               BDA      BDA       16         0
                text3                               BFC      BFC        A         0
                text2                               BC0      BC0       1A         0
                text1                               A4A      A4A       72         0
                text0                               602      602      35C         0
                cinit                               B8A      B8A       36         0
                idataCOMRAM                         BF0      BF0        B         0

        CLASS   CONST          

        CLASS   SMALLCONST     
                smallconst                          600      600        2         0

        CLASS   MEDIUMCONST    

        CLASS   COMRAM         
                temp                                 24       24        1         1
                cstackCOMRAM                          1        1       12         1
                dataCOMRAM                           13       13        B         1
                bssCOMRAM                            1E       1E        6         1

        CLASS   ABS1           

        CLASS   BIGRAM         

        CLASS   RAM            

        CLASS   BANK0          

        CLASS   BANK1          

        CLASS   BANK2          

        CLASS   BANK3          

        CLASS   BANK4          

        CLASS   BANK5          

        CLASS   SFR            

        CLASS   BIGSFR         

        CLASS   CONFIG         
                config                           300000   300000        E         4

        CLASS   IDLOC          
                idloc                            200000   200000        8         5

        CLASS   EEDATA         

        CLASS   FARRAM         

        CLASS   HEAP           

        CLASS   STACK          



SEGMENTS        Name                           Load    Length   Top    Selector   Space  Class

                reset_vec                      000000  000004  000004         0       0  CODE    
                cstackCOMRAM                   000001  000024  000025         1       1  COMRAM  
                intcode                        000008  00000A  000012         4       0  CODE    
                smallconst                     000600  000002  000602       300       0  SMALLCON
                text0                          000602  0005F9  000BFB       301       0  CODE    
                text3                          000BFC  00000A  000C06       5FE       0  CODE    


UNUSED ADDRESS RANGES

        Name                Unused          Largest block    Delta
        BANK0            000060-0000FF               A0
        BANK1            000100-0001FF              100
        BANK2            000200-0002FF              100
        BANK3            000300-0003FF              100
        BANK4            000400-0004FF              100
        BANK5            000500-0005FF              100
        BIGRAM           000025-0005FF              5DB
        BIGSFR           000D00-000FFF              300
        CODE             000004-000007                4
                         000012-0005FF              5EE
                         000BFB-000BFB                1
                         000C06-007FFF             73FA
        COMRAM           000025-00005F               3B
        CONST            000004-000007                4
                         000012-0005FF              5EE
                         000BFB-000BFB                1
                         000C06-007FFF             73FA
        EEDATA           F00000-F000FF              100
        MEDIUMCONST      000BFB-000BFB                1
                         000C06-007FFF             73FA
        RAM              000060-0005FF              100
        SFR              000D00-000FFF              100
        SMALLCONST       000BFB-000BFB                1
                         000C06-007FFF              100

                                  Symbol Table

?___lwdiv                     cstackCOMRAM 000001
?___lwmod                     cstackCOMRAM 000001
_ADCON1                       (abs)        000FC1
_GIE                          (abs)        007F97
_PEIE                         (abs)        007F96
_PORTA                        (abs)        000F80
_PORTC                        (abs)        000F82
_PORTD                        (abs)        000F83
_PSA                          (abs)        007EAB
_T08BIT                       (abs)        007EAE
_T0CS                         (abs)        007EAD
_TMR0                         (abs)        000FD6
_TMR0IE                       (abs)        007F95
_TMR0IF                       (abs)        007F92
_TMR0ON                       (abs)        007EAF
_TRISA                        (abs)        000F92
_TRISD                        (abs)        000F95
__HRAM                        (abs)        000000
__H__absolute__               __absolute__ 000000
__Habs1                       abs1         000000
__Hbank0                      bank0        000000
__Hbank1                      bank1        000000
__Hbank2                      bank2        000000
__Hbank3                      bank3        000000
__Hbank4                      bank4        000000
__Hbank5                      bank5        000000
__Hbigbss                     bigbss       000000
__Hbigdata                    bigdata      000000
__Hbigram                     bigram       000000
__Hbigsfr                     bigsfr       000000
__Hbss                        bss          000000
__HbssCOMRAM                  bssCOMRAM    000000
__Hcinit                      cinit        000000
__Hclrtext                    clrtext      000000
__Hcomram                     comram       000000
__Hconfig                     config       30000E
__Hconst                      const        000000
__HcstackCOMRAM               cstackCOMRAM 000000
__Hdata                       data         000000
__HdataCOMRAM                 dataCOMRAM   000000
__Heeprom_data                eeprom_data  000000
__Hfarbss                     farbss       000000
__Hfardata                    fardata      000000
__Hheap                       heap         000000
__Hibigdata                   ibigdata     000000
__Hidata                      idata        000000
__HidataCOMRAM                idataCOMRAM  000000
__Hidloc                      idloc        200008
__Hifardata                   ifardata     000000
__Hinit                       init         000012
__Hintcode                    intcode      00000E
__Hintcode_body               intcode_body 000000
__Hintcodelo                  intcodelo    00000E
__Hintentry                   intentry     000000
__Hintret                     intret       000000
__Hintsave_regs               intsave_regs 000000
__Hirdata                     irdata       000000
__Hmediumconst                mediumconst  000000
__HnvFARRAM                   nvFARRAM     000000
__Hnvbit                      nvbit        000000
__Hnvrram                     nvrram       000000
__Hparam                      rparam       000000
__Hpowerup                    powerup      00000E
__Hram                        ram          000000
__Hramtop                     ramtop       000600
__Hrbit                       rbit         000000
__Hrbss                       rbss         000000
__Hrdata                      rdata        000000
__Hreset_vec                  reset_vec    000004
__Hrparam                     rparam       000000
__Hsfr                        sfr          000000
__Hsivt_hi                    sivt_hi      000000
__Hsivt_lo                    sivt_lo      000000
__Hsmallconst                 smallconst   000602
__Hspace_0                    (abs)        000C06
__Hspace_1                    (abs)        000025
__Hspace_2                    (abs)        000000
__Hspace_4                    (abs)        60000E
__Hstack                      stack        000000
__Hstruct                     struct       000000
__Htemp                       temp         000025
__Htext                       text         000000
__Htext0                      text0        000000
__Htext1                      text1        000000
__Htext2                      text2        000000
__Htext3                      text3        000000
__Htext4                      text4        000000
__Htext5                      text5        000000
__Htext6                      text6        000000
__Htext7                      text7        000000
__LRAM                        (abs)        000001
__L__absolute__               __absolute__ 000000
__Labs1                       abs1         000000
__Lbank0                      bank0        000000
__Lbank1                      bank1        000000
__Lbank2                      bank2        000000
__Lbank3                      bank3        000000
__Lbank4                      bank4        000000
__Lbank5                      bank5        000000
__Lbigbss                     bigbss       000000
__Lbigdata                    bigdata      000000
__Lbigram                     bigram       000000
__Lbigsfr                     bigsfr       000000
__Lbss                        bss          000000
__LbssCOMRAM                  bssCOMRAM    000000
__Lcinit                      cinit        000000
__Lclrtext                    clrtext      000000
__Lcomram                     comram       000000
__Lconfig                     config       000000
__Lconst                      const        000000
__LcstackCOMRAM               cstackCOMRAM 000000
__Ldata                       data         000000
__LdataCOMRAM                 dataCOMRAM   000000
__Leeprom_data                eeprom_data  000000
__Lfarbss                     farbss       000000
__Lfardata                    fardata      000000
__Lheap                       heap         000000
__Libigdata                   ibigdata     000000
__Lidata                      idata        000000
__LidataCOMRAM                idataCOMRAM  000000
__Lidloc                      idloc        000000
__Lifardata                   ifardata     000000
__Linit                       init         00000E
__Lintcode                    intcode      000008
__Lintcode_body               intcode_body 000000
__Lintcodelo                  intcodelo    00000E
__Lintentry                   intentry     000000
__Lintret                     intret       000000
__Lintsave_regs               intsave_regs 000000
__Lirdata                     irdata       000000
__Lmediumconst                mediumconst  000000
__LnvFARRAM                   nvFARRAM     000000
__Lnvbit                      nvbit        000000
__Lnvrram                     nvrram       000000
__Lparam                      rparam       000000
__Lpowerup                    powerup      00000E
__Lram                        ram          000000
__Lramtop                     ramtop       000600
__Lrbit                       rbit         000000
__Lrbss                       rbss         000000
__Lrdata                      rdata        000000
__Lreset_vec                  reset_vec    000000
__Lrparam                     rparam       000000
__Lsfr                        sfr          000000
__Lsivt_hi                    sivt_hi      000000
__Lsivt_lo                    sivt_lo      000000
__Lsmallconst                 smallconst   000600
__Lspace_0                    (abs)        000000
__Lspace_1                    (abs)        000000
__Lspace_2                    (abs)        000000
__Lspace_4                    (abs)        000000
__Lstack                      stack        000000
__Lstruct                     struct       000000
__Ltemp                       temp         000024
__Ltext                       text         000000
__Ltext0                      text0        000000
__Ltext1                      text1        000000
__Ltext2                      text2        000000
__Ltext3                      text3        000000
__Ltext4                      text4        000000
__Ltext5                      text5        000000
__Ltext6                      text6        000000
__Ltext7                      text7        000000
__S0                          (abs)        000C06
__S1                          (abs)        000025
__S4                          (abs)        000000
__S5                          (abs)        000000
___heap_hi                    (abs)        000000
___heap_lo                    (abs)        000000
___inthi_sp                   stack        000000
___inthi_stack_hi             stack        000000
___inthi_stack_lo             stack        000000
___intlo_sp                   stack        000000
___intlo_stack_hi             stack        000000
___intlo_stack_lo             stack        000000
___lwdiv                      text7        0009D6
___lwdiv@counter              cstackCOMRAM 000007
___lwdiv@dividend             cstackCOMRAM 000001
___lwdiv@divisor              cstackCOMRAM 000003
___lwdiv@quotient             cstackCOMRAM 000005
___lwmod                      text6        000B26
___lwmod@counter              cstackCOMRAM 000005
___lwmod@dividend             cstackCOMRAM 000001
___lwmod@divisor              cstackCOMRAM 000003
___param_bank                 (abs)        000000
___rparam_used                (abs)        000001
___sp                         stack        000000
___stack_hi                   stack        000000
___stack_lo                   stack        000000
__accesstop                   (abs)        000060
__activetblptr                (abs)        000000
__end_of___lwdiv              text7        000A4A
__end_of___lwmod              text6        000B8A
__end_of__initialization      cinit        000BB6
__end_of_display              text5        0009D6
__end_of_init_config          text3        000C06
__end_of_init_ssd             text4        000BF0
__end_of_init_timer0          text2        000BDA
__end_of_isr                  intcode_body 000B26
__end_of_main                 text0        00095E
__end_of_read_digital_keypad  text1        000ABC
__initialization              cinit        000B8A
__mediumconst                 mediumconst  000000
__pbssCOMRAM                  bssCOMRAM    00001E
__pcinit                      cinit        000B8A
__pcstackCOMRAM               cstackCOMRAM 000001
__pdataCOMRAM                 dataCOMRAM   000013
__pidataCOMRAM                idataCOMRAM  000BF0
__pintcode                    intcode      000008
__pintcode_body               intcode_body 000ABC
__psmallconst                 smallconst   000600
__ptext0                      text0        000602
__ptext1                      text1        000A4A
__ptext2                      text2        000BC0
__ptext3                      text3        000BFC
__ptext4                      text4        000BDA
__ptext5                      text5        00095E
__ptext6                      text6        000B26
__ptext7                      text7        0009D6
__ramtop                      ramtop       000600
__smallconst                  smallconst   000600
_count0                       bssCOMRAM    00001E
_digit                        dataCOMRAM   000013
_display                      text5        00095E
_init_config                  text3        000BFC
_init_ssd                     text4        000BDA
_init_timer0                  text2        000BC0
_isr                          intcode      000008
_main                         text0        000602
_min                          bssCOMRAM    000020
_read_digital_keypad          text1        000A4A
_sec                          bssCOMRAM    000022
btemp                         temp         000024
display@data                  cstackCOMRAM 000001
display@i                     cstackCOMRAM 000006
display@wait                  cstackCOMRAM 000004
end_of_initialization         cinit        000BB6
int$flags                     temp         000024
int_func                      intcode_body 000ABC
intlevel0                     text         000000
intlevel1                     text         000000
intlevel2                     text         000000
intlevel3                     text         000000
isa$std                       (abs)        000001
isa$xinst                     (abs)        000000
main@change_field             cstackCOMRAM 00000A
main@hr                       cstackCOMRAM 000011
main@key                      cstackCOMRAM 000010
main@set_edit                 cstackCOMRAM 000008
main@ssd                      cstackCOMRAM 00000C
read_digital_keypad@detection cstackCOMRAM 000001
read_digital_keypad@once      dataCOMRAM   00001D
stackhi                       (abs)        000000
stacklo                       (abs)        000000
start                         init         00000E
start_initialization          cinit        000B8A
ttemp5                        temp         000025
ttemp6                        temp         000028
ttemp7                        temp         00002C
wtemp8                        temp         000025


MODULE INFORMATION

Module		Function		Class		Link	Load	Size
ssd.c
		_init_ssd      		CODE           	0BDA	0000	22
		_display       		CODE           	095E	0000	120
		_init_timer0   		CODE           	0BC0	0000	26

ssd.c estimated size: 168

keypad.c
		_read_digital_keypad		CODE           	0A4A	0000	114

keypad.c estimated size: 114

C:\Program Files\Microchip\xc8\v2.46\pic\sources\c99\common\lwdiv.c
		___lwdiv       		CODE           	09D6	0000	116

C:\Program Files\Microchip\xc8\v2.46\pic\sources\c99\common\lwdiv.c estimated size: 116

isr.c
		_isr           		CODE           	0008	0000	112

isr.c estimated size: 112

shared
		__initialization		CODE           	0B8A	0000	44

shared estimated size: 44

C:\Program Files\Microchip\xc8\v2.46\pic\sources\c99\common\lwmod.c
		___lwmod       		CODE           	0B26	0000	100

C:\Program Files\Microchip\xc8\v2.46\pic\sources\c99\common\lwmod.c estimated size: 100

main.c
		_main          		CODE           	0602	0000	860
		_init_config   		CODE           	0BFC	0000	10

main.c estimated size: 870

