Microchip MPLAB XC8 Compiler V2.45

Linker command line:

-W-3 \
  --edf=C:\Program Files\Microchip\xc8\v2.45\pic\dat\20230818022343_en.msgs \
  -cn -h+dist/default/production\ASSIGNMENT_06.X.production.sym \
  --cmf=dist/default/production\ASSIGNMENT_06.X.production.cmf -z -Q18F4580 \
  -oC:\Users\Admin\AppData\Local\Temp\xcAsd58.\driver_tmp_3.o \
  --defsym=__MPLAB_BUILD=1 --fixupoverflow=error \
  -Mdist/default/production/ASSIGNMENT_06.X.production.map \
  --md=C:\Users\Admin\AppData\Local\Temp\xcAsd58.\driver_tmp_0.dat -E1 \
  -ver=XC8 Compiler --acfsm=1493 -ACODE=00h-07FFFh -ACONST=00h-07FFFh \
  -ASMALLCONST=0600h-06FFhx122 -AMEDIUMCONST=0600h-07FFFh -ACOMRAM=01h-05Fh \
  -AABS1=00h-05FFh -ABIGRAM=01h-05FFh -ARAM=060h-0FFh,0100h-01FFhx5 \
  -ABANK0=060h-0FFh -ABANK1=0100h-01FFh -ABANK2=0200h-02FFh \
  -ABANK3=0300h-03FFh -ABANK4=0400h-04FFh -ABANK5=0500h-05FFh \
  -ASFR=0D00h-0DFFhx2,0F00h-0F5Fh,0F60h-0FFFh -ABIGSFR=0D00h-0FFFh \
  -ACONFIG=0300000h-030000Dh -AIDLOC=0200000h-0200007h \
  -AEEDATA=0F00000h-0F000FFh -peeprom_data=EEDATA \
  -preset_vec=00h,intcode=08h,intcodelo,powerup,init -pramtop=0600h \
  -psmallconst=SMALLCONST -pmediumconst=MEDIUMCONST -pconst=CONST \
  -AFARRAM=00h-00h \
  -prdata=COMRAM,nvrram=COMRAM,nvbit=COMRAM,rbss=COMRAM,rbit=COMRAM \
  -pfarbss=FARRAM,fardata=FARRAM,nvFARRAM=FARRAM \
  -pintsave_regs=BIGRAM,bigbss=BIGRAM,bigdata=BIGRAM -pbss=RAM \
  -pidata=CODE,irdata=CODE,ibigdata=CODE,ifardata=CODE -prparam=COMRAM \
  C:\Users\Admin\AppData\Local\Temp\xcAsd58.\driver_tmp_9.o \
  dist/default/production\ASSIGNMENT_06.X.production.o 

Object code version is 3.11

Machine type is 18F4580



                Name                               Link     Load   Length Selector   Space Scale
C:\Users\Admin\AppData\Local\Temp\xcAsd58.\driver_tmp_9.o
                idloc                            200000   200000        8        0       5
                config                           300000   300000        E        0       4
                init                                  E        E        4        4       0
                reset_vec                             0        0        4        0       0
dist/default/production\ASSIGNMENT_06.X.production.o
                intcode                               8        8        6        4       0
                idloc                            200000   200000        8        0       5
                config                           300000   300000        E        0       4
                temp                                 10       10        1        1       1
                smallconst                          600      600        2      300       0
                intcode_body                        714      714       4A      301       0
                text4                               7AE      7AE        8      301       0
                text3                               782      782       1A      301       0
                text2                               79C      79C       12      301       0
                text1                               6B2      6B2       62      301       0
                text0                               602      602       B0      301       0
                cstackCOMRAM                          1        1        A        1       1
                dataCOMRAM                            F        F        1        1       1
                bssCOMRAM                             B        B        4        1       1
                cinit                               75E      75E       24      301       0
                idataCOMRAM                         7B6      7B6        1      301       0

TOTAL           Name                               Link     Load   Length     Space
        CLASS   CODE           
                intcode                               8        8        6         0
                init                                  E        E        4         0
                reset_vec                             0        0        4         0
                intcode_body                        714      714       4A         0
                text4                               7AE      7AE        8         0
                text3                               782      782       1A         0
                text2                               79C      79C       12         0
                text1                               6B2      6B2       62         0
                text0                               602      602       B0         0
                cinit                               75E      75E       24         0
                idataCOMRAM                         7B6      7B6        1         0

        CLASS   CONST          

        CLASS   SMALLCONST     
                smallconst                          600      600        2         0

        CLASS   MEDIUMCONST    

        CLASS   COMRAM         
                temp                                 10       10        1         1
                cstackCOMRAM                          1        1        A         1
                dataCOMRAM                            F        F        1         1
                bssCOMRAM                             B        B        4         1

        CLASS   ABS1           

        CLASS   BIGRAM         

        CLASS   RAM            

        CLASS   BANK0          

        CLASS   BANK1          

        CLASS   BANK2          

        CLASS   BANK3          

        CLASS   BANK4          

        CLASS   BANK5          

        CLASS   SFR            

        CLASS   BIGSFR         

        CLASS   CONFIG         
                config                           300000   300000        E         4

        CLASS   IDLOC          
                idloc                            200000   200000        8         5

        CLASS   EEDATA         

        CLASS   FARRAM         

        CLASS   HEAP           

        CLASS   STACK          



SEGMENTS        Name                           Load    Length   Top    Selector   Space  Class

                reset_vec                      000000  000004  000004         0       0  CODE    
                cstackCOMRAM                   000001  000010  000011         1       1  COMRAM  
                intcode                        000008  00000A  000012         4       0  CODE    
                smallconst                     000600  000002  000602       300       0  SMALLCON
                text0                          000602  0001B5  0007B7       301       0  CODE    


UNUSED ADDRESS RANGES

        Name                Unused          Largest block    Delta
        BANK0            000060-0000FF               A0
        BANK1            000100-0001FF              100
        BANK2            000200-0002FF              100
        BANK3            000300-0003FF              100
        BANK4            000400-0004FF              100
        BANK5            000500-0005FF              100
        BIGRAM           000011-0005FF              5EF
        BIGSFR           000D00-000FFF              300
        CODE             000004-000007                4
                         000012-0005FF              5EE
                         0007B7-007FFF             7849
        COMRAM           000011-00005F               4F
        CONST            000004-000007                4
                         000012-0005FF              5EE
                         0007B7-007FFF             7849
        EEDATA           F00000-F000FF              100
        MEDIUMCONST      0007B7-007FFF             7849
        RAM              000060-0005FF              100
        SFR              000D00-000FFF              100
        SMALLCONST       0007B7-007FFF              100

                                  Symbol Table

_GIE                                (abs)        007F97
_PEIE                               (abs)        007F96
_PORTB                              (abs)        000F81
_PORTC                              (abs)        000F82
_PSA                                (abs)        007EAB
_RB0                                (abs)        007C08
_T08BIT                             (abs)        007EAE
_T0CS                               (abs)        007EAD
_TMR0                               (abs)        000FD6
_TMR0IE                             (abs)        007F95
_TMR0IF                             (abs)        007F92
_TMR0ON                             (abs)        007EAF
_TRISB                              (abs)        000F93
_TRISC                              (abs)        000F94
__HRAM                              (abs)        000000
__H__absolute__                     __absolute__ 000000
__Habs1                             abs1         000000
__Hbank0                            bank0        000000
__Hbank1                            bank1        000000
__Hbank2                            bank2        000000
__Hbank3                            bank3        000000
__Hbank4                            bank4        000000
__Hbank5                            bank5        000000
__Hbigbss                           bigbss       000000
__Hbigdata                          bigdata      000000
__Hbigram                           bigram       000000
__Hbigsfr                           bigsfr       000000
__Hbss                              bss          000000
__HbssCOMRAM                        bssCOMRAM    000000
__Hcinit                            cinit        000000
__Hclrtext                          clrtext      000000
__Hcomram                           comram       000000
__Hconfig                           config       30000E
__Hconst                            const        000000
__HcstackCOMRAM                     cstackCOMRAM 000000
__Hdata                             data         000000
__HdataCOMRAM                       dataCOMRAM   000000
__Heeprom_data                      eeprom_data  000000
__Hfarbss                           farbss       000000
__Hfardata                          fardata      000000
__Hheap                             heap         000000
__Hibigdata                         ibigdata     000000
__Hidata                            idata        000000
__HidataCOMRAM                      idataCOMRAM  000000
__Hidloc                            idloc        200008
__Hifardata                         ifardata     000000
__Hinit                             init         000012
__Hintcode                          intcode      00000E
__Hintcode_body                     intcode_body 000000
__Hintcodelo                        intcodelo    00000E
__Hintentry                         intentry     000000
__Hintret                           intret       000000
__Hintsave_regs                     intsave_regs 000000
__Hirdata                           irdata       000000
__Hmediumconst                      mediumconst  000000
__HnvFARRAM                         nvFARRAM     000000
__Hnvbit                            nvbit        000000
__Hnvrram                           nvrram       000000
__Hparam                            rparam       000000
__Hpowerup                          powerup      00000E
__Hram                              ram          000000
__Hramtop                           ramtop       000600
__Hrbit                             rbit         000000
__Hrbss                             rbss         000000
__Hrdata                            rdata        000000
__Hreset_vec                        reset_vec    000004
__Hrparam                           rparam       000000
__Hsfr                              sfr          000000
__Hsmallconst                       smallconst   000602
__Hspace_0                          (abs)        0007B7
__Hspace_1                          (abs)        000011
__Hspace_2                          (abs)        000000
__Hspace_4                          (abs)        60000E
__Hstack                            stack        000000
__Hstruct                           struct       000000
__Htemp                             temp         000011
__Htext                             text         000000
__Htext0                            text0        000000
__Htext1                            text1        000000
__Htext2                            text2        000000
__Htext3                            text3        000000
__Htext4                            text4        000000
__LRAM                              (abs)        000001
__L__absolute__                     __absolute__ 000000
__Labs1                             abs1         000000
__Lbank0                            bank0        000000
__Lbank1                            bank1        000000
__Lbank2                            bank2        000000
__Lbank3                            bank3        000000
__Lbank4                            bank4        000000
__Lbank5                            bank5        000000
__Lbigbss                           bigbss       000000
__Lbigdata                          bigdata      000000
__Lbigram                           bigram       000000
__Lbigsfr                           bigsfr       000000
__Lbss                              bss          000000
__LbssCOMRAM                        bssCOMRAM    000000
__Lcinit                            cinit        000000
__Lclrtext                          clrtext      000000
__Lcomram                           comram       000000
__Lconfig                           config       000000
__Lconst                            const        000000
__LcstackCOMRAM                     cstackCOMRAM 000000
__Ldata                             data         000000
__LdataCOMRAM                       dataCOMRAM   000000
__Leeprom_data                      eeprom_data  000000
__Lfarbss                           farbss       000000
__Lfardata                          fardata      000000
__Lheap                             heap         000000
__Libigdata                         ibigdata     000000
__Lidata                            idata        000000
__LidataCOMRAM                      idataCOMRAM  000000
__Lidloc                            idloc        000000
__Lifardata                         ifardata     000000
__Linit                             init         00000E
__Lintcode                          intcode      000008
__Lintcode_body                     intcode_body 000000
__Lintcodelo                        intcodelo    00000E
__Lintentry                         intentry     000000
__Lintret                           intret       000000
__Lintsave_regs                     intsave_regs 000000
__Lirdata                           irdata       000000
__Lmediumconst                      mediumconst  000000
__LnvFARRAM                         nvFARRAM     000000
__Lnvbit                            nvbit        000000
__Lnvrram                           nvrram       000000
__Lparam                            rparam       000000
__Lpowerup                          powerup      00000E
__Lram                              ram          000000
__Lramtop                           ramtop       000600
__Lrbit                             rbit         000000
__Lrbss                             rbss         000000
__Lrdata                            rdata        000000
__Lreset_vec                        reset_vec    000000
__Lrparam                           rparam       000000
__Lsfr                              sfr          000000
__Lsmallconst                       smallconst   000600
__Lspace_0                          (abs)        000000
__Lspace_1                          (abs)        000000
__Lspace_2                          (abs)        000000
__Lspace_4                          (abs)        000000
__Lstack                            stack        000000
__Lstruct                           struct       000000
__Ltemp                             temp         000010
__Ltext                             text         000000
__Ltext0                            text0        000000
__Ltext1                            text1        000000
__Ltext2                            text2        000000
__Ltext3                            text3        000000
__Ltext4                            text4        000000
__S0                                (abs)        0007B7
__S1                                (abs)        000011
__S4                                (abs)        000000
__S5                                (abs)        000000
___heap_hi                          (abs)        000000
___heap_lo                          (abs)        000000
___inthi_sp                         stack        000000
___inthi_stack_hi                   stack        000000
___inthi_stack_lo                   stack        000000
___intlo_sp                         stack        000000
___intlo_stack_hi                   stack        000000
___intlo_stack_lo                   stack        000000
___param_bank                       (abs)        000000
___rparam_used                      (abs)        000001
___sp                               stack        000000
___stack_hi                         stack        000000
___stack_lo                         stack        000000
__accesstop                         (abs)        000060
__activetblptr                      (abs)        000000
__end_of__initialization            cinit        000778
__end_of_init_config                text2        0007AE
__end_of_init_config_digital_keypad text4        0007B6
__end_of_init_timer0                text3        00079C
__end_of_isr                        intcode_body 00075E
__end_of_main                       text0        0006B2
__end_of_read_digital_keypad        text1        000714
__initialization                    cinit        00075E
__mediumconst                       mediumconst  000000
__pbssCOMRAM                        bssCOMRAM    00000B
__pcinit                            cinit        00075E
__pcstackCOMRAM                     cstackCOMRAM 000001
__pdataCOMRAM                       dataCOMRAM   00000F
__pidataCOMRAM                      idataCOMRAM  0007B6
__pintcode                          intcode      000008
__pintcode_body                     intcode_body 000714
__psmallconst                       smallconst   000600
__ptext0                            text0        000602
__ptext1                            text1        0006B2
__ptext2                            text2        00079C
__ptext3                            text3        000782
__ptext4                            text4        0007AE
__ramtop                            ramtop       000600
__smallconst                        smallconst   000600
_delay                              bssCOMRAM    00000D
_init_config                        text2        00079C
_init_config_digital_keypad         text4        0007AE
_init_timer0                        text3        000782
_isr                                intcode      000008
_main                               text0        000602
_read_digital_keypad                text1        0006B2
btemp                               temp         000010
end_of_initialization               cinit        000778
int$flags                           temp         000010
int_func                            intcode_body 000714
intlevel0                           text         000000
intlevel1                           text         000000
intlevel2                           text         000000
intlevel3                           text         000000
isa$std                             (abs)        000001
isa$xinst                           (abs)        000000
isr@count                           bssCOMRAM    00000B
main@duty_cycle                     cstackCOMRAM 000006
main@key                            cstackCOMRAM 000008
main@period                         cstackCOMRAM 000004
main@program_cycle                  cstackCOMRAM 000009
read_digital_keypad@mode            cstackCOMRAM 000001
read_digital_keypad@once            dataCOMRAM   00000F
stackhi                             (abs)        000000
stacklo                             (abs)        000000
start                               init         00000E
start_initialization                cinit        00075E
ttemp5                              temp         000011
ttemp6                              temp         000014
ttemp7                              temp         000018
wtemp8                              temp         000011


MODULE INFORMATION

Module		Function		Class		Link	Load	Size
dksp.c
		_init_config_digital_keypad		CODE           	07AE	0000	8
		_read_digital_keypad		CODE           	06B2	0000	98

dksp.c estimated size: 106

isr.c
		_init_timer0   		CODE           	0782	0000	26
		_isr           		CODE           	0008	0000	80

isr.c estimated size: 106

shared
		__initialization		CODE           	075E	0000	26

shared estimated size: 26

main.c
		_main          		CODE           	0602	0000	176
		_init_config   		CODE           	079C	0000	18

main.c estimated size: 194

