Microchip MPLAB XC8 Compiler V2.46

Linker command line:

-W-3 \
  --edf=C:\Program Files\Microchip\xc8\v2.46\pic\dat\20240104201356_en.msgs \
  -cn -h+dist/default/production\ASSIGNMENT_24.X.production.sym \
  --cmf=dist/default/production\ASSIGNMENT_24.X.production.cmf -z -Q18F4580 \
  -oC:\Users\MYPC~1\AppData\Local\Temp\xcAs6qk.\driver_tmp_3.o \
  --defsym=__MPLAB_BUILD=1 --fixupoverflow=error \
  -Mdist/default/production/ASSIGNMENT_24.X.production.map \
  --md=C:\Users\MYPC~1\AppData\Local\Temp\xcAs6qk.\driver_tmp_0.dat -E1 \
  -ver=XC8 Compiler --acfsm=1493 -ACODE=00h-03000h -ACONST=00h-03000h \
  -ASMALLCONST=0600h-06FFhx42,03000h-03000h -AMEDIUMCONST=0600h-03000h \
  -ACOMRAM=01h-05Fh -AABS1=00h-05FFh -ABIGRAM=01h-05FFh \
  -ARAM=060h-0FFh,0100h-01FFhx5 -ABANK0=060h-0FFh -ABANK1=0100h-01FFh \
  -ABANK2=0200h-02FFh -ABANK3=0300h-03FFh -ABANK4=0400h-04FFh \
  -ABANK5=0500h-05FFh -ASFR=0D00h-0DFFhx2,0F00h-0F5Fh,0F60h-0FFFh \
  -ABIGSFR=0D00h-0FFFh -ACONFIG=0300000h-030000Dh -AIDLOC=0200000h-0200007h \
  -AEEDATA=0F00000h-0F000FFh -peeprom_data=EEDATA \
  -preset_vec=00h,intcode=8h,intcodelo,powerup,init -pramtop=0600h \
  -psmallconst=SMALLCONST -pmediumconst=MEDIUMCONST -pconst=CONST \
  -AFARRAM=00h-00h \
  -prdata=COMRAM,nvrram=COMRAM,nvbit=COMRAM,rbss=COMRAM,rbit=COMRAM \
  -pfarbss=FARRAM,fardata=FARRAM,nvFARRAM=FARRAM \
  -pintsave_regs=BIGRAM,bigbss=BIGRAM,bigdata=BIGRAM -pbss=RAM \
  -pidata=CODE,irdata=CODE,ibigdata=CODE,ifardata=CODE -prparam=COMRAM \
  C:\Users\MYPC~1\AppData\Local\Temp\xcAs6qk.\driver_tmp_9.o \
  dist/default/production\ASSIGNMENT_24.X.production.o 

Object code version is 3.11

Machine type is 18F4580



                Name                               Link     Load   Length Selector   Space Scale
C:\Users\MYPC~1\AppData\Local\Temp\xcAs6qk.\driver_tmp_9.o
                idloc                            200000   200000        8        0       5
                config                           300000   300000        E        0       4
                init                                  E        E        4        4       0
                reset_vec                             0        0        4        0       0
dist/default/production\ASSIGNMENT_24.X.production.o
                intcode                               8        8        6        4       0
                idloc                            200000   200000        8        0       5
                config                           300000   300000        E        0       4
                temp                                 3C       3C        1        1       1
                mediumconst                        2FAC     2FAC       54     17D6       0
                intcode_body                        532      532       60        4       0
                text10                              66E      66E       3A        4       0
                text9                               5F0      5F0       44        4       0
                text8                               6C2      6C2       18        4       0
                text7                               414      414       A8        4       0
                text6                               6DA      6DA       12        4       0
                text5                               6A8      6A8       1A        4       0
                text4                               6EC      6EC        E        4       0
                text3                               30C      30C      108        4       0
                text2                               4BC      4BC       76        4       0
                text1                               592      592       5E        4       0
                text0                                12       12      2FA        4       0
                cstackCOMRAM                          1        1       2A        1       1
                dataCOMRAM                           2B       2B        A        1       1
                bssCOMRAM                            35       35        7        1       1
                cinit                               634      634       3A        4       0
                idataCOMRAM                         6FA      6FA        A        4       0

TOTAL           Name                               Link     Load   Length     Space
        CLASS   CODE           
                intcode                               8        8        6         0
                init                                  E        E        4         0
                reset_vec                             0        0        4         0
                intcode_body                        532      532       60         0
                text10                              66E      66E       3A         0
                text9                               5F0      5F0       44         0
                text8                               6C2      6C2       18         0
                text7                               414      414       A8         0
                text6                               6DA      6DA       12         0
                text5                               6A8      6A8       1A         0
                text4                               6EC      6EC        E         0
                text3                               30C      30C      108         0
                text2                               4BC      4BC       76         0
                text1                               592      592       5E         0
                text0                                12       12      2FA         0
                cinit                               634      634       3A         0
                idataCOMRAM                         6FA      6FA        A         0

        CLASS   CONST          

        CLASS   SMALLCONST     

        CLASS   MEDIUMCONST    
                mediumconst                        2FAC     2FAC       54         0

        CLASS   COMRAM         
                temp                                 3C       3C        1         1
                cstackCOMRAM                          1        1       2A         1
                dataCOMRAM                           2B       2B        A         1
                bssCOMRAM                            35       35        7         1

        CLASS   ABS1           

        CLASS   BIGRAM         

        CLASS   RAM            

        CLASS   BANK0          

        CLASS   BANK1          

        CLASS   BANK2          

        CLASS   BANK3          

        CLASS   BANK4          

        CLASS   BANK5          

        CLASS   SFR            

        CLASS   BIGSFR         

        CLASS   CONFIG         
                config                           300000   300000        E         4

        CLASS   IDLOC          
                idloc                            200000   200000        8         5

        CLASS   EEDATA         

        CLASS   FARRAM         

        CLASS   HEAP           

        CLASS   STACK          



SEGMENTS        Name                           Load    Length   Top    Selector   Space  Class

                reset_vec                      000000  000004  000004         0       0  CODE    
                cstackCOMRAM                   000001  00003C  00003D         1       1  COMRAM  
                intcode                        000008  0006FC  000704         4       0  CODE    
                mediumconst                    002FAC  000054  003000      17D6       0  MEDIUMCO


UNUSED ADDRESS RANGES

        Name                Unused          Largest block    Delta
        BANK0            000060-0000FF               A0
        BANK1            000100-0001FF              100
        BANK2            000200-0002FF              100
        BANK3            000300-0003FF              100
        BANK4            000400-0004FF              100
        BANK5            000500-0005FF              100
        BIGRAM           00003D-0005FF              5C3
        BIGSFR           000D00-000FFF              300
        CODE             000004-000007                4
                         000704-002FAB             28A8
                         003000-003000                1
        COMRAM           00003D-00005F               23
        CONST            000004-000007                4
                         000704-002FAB             28A8
                         003000-003000                1
        EEDATA           F00000-F000FF              100
        MEDIUMCONST      000704-002FAB             28A8
                         003000-003000                1
        RAM              000060-0005FF              100
        SFR              000D00-000FFF              100
        SMALLCONST       000704-002FAB              100
                         003000-003000                1

                                  Symbol Table

?_strcmp                     cstackCOMRAM 000001
_ADCON1                      (abs)        000FC1
_GIE                         (abs)        007F97
_PEIE                        (abs)        007F96
_PORTB                       (abs)        000F81
_PORTBbits                   (abs)        000F81
_PORTD                       (abs)        000F83
_PSA                         (abs)        007EAB
_RB0                         (abs)        007C08
_RBPU                        (abs)        007F8F
_RC0                         (abs)        007C10
_RC1                         (abs)        007C11
_RC2                         (abs)        007C12
_RD7                         (abs)        007C1F
_T08BIT                      (abs)        007EAE
_T0CS                        (abs)        007EAD
_TMR0                        (abs)        000FD6
_TMR0IE                      (abs)        007F95
_TMR0IF                      (abs)        007F92
_TMR0ON                      (abs)        007EAF
_TRISB                       (abs)        000F93
_TRISC                       (abs)        000F94
_TRISD                       (abs)        000F95
_TRISD7                      (abs)        007CAF
__HRAM                       (abs)        000000
__H__absolute__              __absolute__ 000000
__Habs1                      abs1         000000
__Hbank0                     bank0        000000
__Hbank1                     bank1        000000
__Hbank2                     bank2        000000
__Hbank3                     bank3        000000
__Hbank4                     bank4        000000
__Hbank5                     bank5        000000
__Hbigbss                    bigbss       000000
__Hbigdata                   bigdata      000000
__Hbigram                    bigram       000000
__Hbigsfr                    bigsfr       000000
__Hbss                       bss          000000
__HbssCOMRAM                 bssCOMRAM    000000
__Hcinit                     cinit        000000
__Hclrtext                   clrtext      000000
__Hcomram                    comram       000000
__Hconfig                    config       30000E
__Hconst                     const        000000
__HcstackCOMRAM              cstackCOMRAM 000000
__Hdata                      data         000000
__HdataCOMRAM                dataCOMRAM   000000
__Heeprom_data               eeprom_data  000000
__Hfarbss                    farbss       000000
__Hfardata                   fardata      000000
__Hheap                      heap         000000
__Hibigdata                  ibigdata     000000
__Hidata                     idata        000000
__HidataCOMRAM               idataCOMRAM  000000
__Hidloc                     idloc        200008
__Hifardata                  ifardata     000000
__Hinit                      init         000012
__Hintcode                   intcode      00000E
__Hintcode_body              intcode_body 000000
__Hintcodelo                 intcodelo    00000E
__Hintentry                  intentry     000000
__Hintret                    intret       000000
__Hintsave_regs              intsave_regs 000000
__Hirdata                    irdata       000000
__Hmediumconst               mediumconst  003000
__HnvFARRAM                  nvFARRAM     000000
__Hnvbit                     nvbit        000000
__Hnvrram                    nvrram       000000
__Hparam                     rparam       000000
__Hpowerup                   powerup      00000E
__Hram                       ram          000000
__Hramtop                    ramtop       000600
__Hrbit                      rbit         000000
__Hrbss                      rbss         000000
__Hrdata                     rdata        000000
__Hreset_vec                 reset_vec    000004
__Hrparam                    rparam       000000
__Hsfr                       sfr          000000
__Hsivt_hi                   sivt_hi      000000
__Hsivt_lo                   sivt_lo      000000
__Hsmallconst                smallconst   000000
__Hspace_0                   (abs)        003000
__Hspace_1                   (abs)        00003D
__Hspace_2                   (abs)        000000
__Hspace_4                   (abs)        60000E
__Hstack                     stack        000000
__Hstruct                    struct       000000
__Htemp                      temp         00003D
__Htext                      text         000000
__Htext0                     text0        000000
__Htext1                     text1        000000
__Htext10                    text10       000000
__Htext2                     text2        000000
__Htext3                     text3        000000
__Htext4                     text4        000000
__Htext5                     text5        000000
__Htext6                     text6        000000
__Htext7                     text7        000000
__Htext8                     text8        000000
__Htext9                     text9        000000
__LRAM                       (abs)        000001
__L__absolute__              __absolute__ 000000
__Labs1                      abs1         000000
__Lbank0                     bank0        000000
__Lbank1                     bank1        000000
__Lbank2                     bank2        000000
__Lbank3                     bank3        000000
__Lbank4                     bank4        000000
__Lbank5                     bank5        000000
__Lbigbss                    bigbss       000000
__Lbigdata                   bigdata      000000
__Lbigram                    bigram       000000
__Lbigsfr                    bigsfr       000000
__Lbss                       bss          000000
__LbssCOMRAM                 bssCOMRAM    000000
__Lcinit                     cinit        000000
__Lclrtext                   clrtext      000000
__Lcomram                    comram       000000
__Lconfig                    config       000000
__Lconst                     const        000000
__LcstackCOMRAM              cstackCOMRAM 000000
__Ldata                      data         000000
__LdataCOMRAM                dataCOMRAM   000000
__Leeprom_data               eeprom_data  000000
__Lfarbss                    farbss       000000
__Lfardata                   fardata      000000
__Lheap                      heap         000000
__Libigdata                  ibigdata     000000
__Lidata                     idata        000000
__LidataCOMRAM               idataCOMRAM  000000
__Lidloc                     idloc        000000
__Lifardata                  ifardata     000000
__Linit                      init         00000E
__Lintcode                   intcode      000008
__Lintcode_body              intcode_body 000000
__Lintcodelo                 intcodelo    00000E
__Lintentry                  intentry     000000
__Lintret                    intret       000000
__Lintsave_regs              intsave_regs 000000
__Lirdata                    irdata       000000
__Lmediumconst               mediumconst  002FAC
__LnvFARRAM                  nvFARRAM     000000
__Lnvbit                     nvbit        000000
__Lnvrram                    nvrram       000000
__Lparam                     rparam       000000
__Lpowerup                   powerup      00000E
__Lram                       ram          000000
__Lramtop                    ramtop       000600
__Lrbit                      rbit         000000
__Lrbss                      rbss         000000
__Lrdata                     rdata        000000
__Lreset_vec                 reset_vec    000000
__Lrparam                    rparam       000000
__Lsfr                       sfr          000000
__Lsivt_hi                   sivt_hi      000000
__Lsivt_lo                   sivt_lo      000000
__Lsmallconst                smallconst   000000
__Lspace_0                   (abs)        000000
__Lspace_1                   (abs)        000000
__Lspace_2                   (abs)        000000
__Lspace_4                   (abs)        000000
__Lstack                     stack        000000
__Lstruct                    struct       000000
__Ltemp                      temp         00003C
__Ltext                      text         000000
__Ltext0                     text0        000000
__Ltext1                     text1        000000
__Ltext10                    text10       000000
__Ltext2                     text2        000000
__Ltext3                     text3        000000
__Ltext4                     text4        000000
__Ltext5                     text5        000000
__Ltext6                     text6        000000
__Ltext7                     text7        000000
__Ltext8                     text8        000000
__Ltext9                     text9        000000
__S0                         (abs)        003000
__S1                         (abs)        00003D
__S4                         (abs)        000000
__S5                         (abs)        000000
___heap_hi                   (abs)        000000
___heap_lo                   (abs)        000000
___inthi_sp                  stack        000000
___inthi_stack_hi            stack        000000
___inthi_stack_lo            stack        000000
___intlo_sp                  stack        000000
___intlo_stack_hi            stack        000000
___intlo_stack_lo            stack        000000
___param_bank                (abs)        000000
___rparam_used               (abs)        000001
___sp                        stack        000000
___stack_hi                  stack        000000
___stack_lo                  stack        000000
__accesstop                  (abs)        000060
__activetblptr               (abs)        000002
__end_of__initialization     cinit        000660
__end_of_clcd_print          text9        000634
__end_of_clcd_putch          text8        0006DA
__end_of_clcd_write          text10       0006A8
__end_of_init_clcd           text7        0004BC
__end_of_init_config         text4        0006FA
__end_of_init_matrix_keypad  text6        0006EC
__end_of_init_timer0         text5        0006C2
__end_of_isr                 intcode_body 000592
__end_of_main                text0        00030C
__end_of_read_switches       text2        000532
__end_of_scan_key            text3        000414
__end_of_strcmp              text1        0005F0
__initialization             cinit        000634
__mediumconst                mediumconst  002FAC
__pbssCOMRAM                 bssCOMRAM    000035
__pcinit                     cinit        000634
__pcstackCOMRAM              cstackCOMRAM 000001
__pdataCOMRAM                dataCOMRAM   00002B
__pidataCOMRAM               idataCOMRAM  0006FA
__pintcode                   intcode      000008
__pintcode_body              intcode_body 000532
__pmediumconst               mediumconst  002FAC
__ptext0                     text0        000012
__ptext1                     text1        000592
__ptext10                    text10       00066E
__ptext2                     text2        0004BC
__ptext3                     text3        00030C
__ptext4                     text4        0006EC
__ptext5                     text5        0006A8
__ptext6                     text6        0006DA
__ptext7                     text7        000414
__ptext8                     text8        0006C2
__ptext9                     text9        0005F0
__ramtop                     ramtop       000600
__smallconst                 smallconst   000000
_blink                       bssCOMRAM    000039
_clcd_print                  text9        0005F0
_clcd_putch                  text8        0006C2
_clcd_write                  text10       00066E
_i                           bssCOMRAM    000037
_init_clcd                   text7        000414
_init_config                 text4        0006EC
_init_matrix_keypad          text6        0006DA
_init_timer0                 text5        0006A8
_isr                         intcode      000008
_main                        text0        000012
_main$89                     cstackCOMRAM 000020
_read_switches               text2        0004BC
_scan_key                    text3        00030C
_strcmp                      text1        000592
btemp                        temp         00003C
clcd_print@addr              cstackCOMRAM 000005
clcd_print@data              cstackCOMRAM 000003
clcd_putch@addr              cstackCOMRAM 000003
clcd_putch@data              cstackCOMRAM 000004
clcd_write@byte              cstackCOMRAM 000002
clcd_write@control_bit       cstackCOMRAM 000001
end_of_initialization        cinit        000660
int$flags                    temp         00003C
int_func                     intcode_body 000532
intlevel0                    text         000000
intlevel1                    text         000000
intlevel2                    text         000000
intlevel3                    text         000000
isa$std                      (abs)        000001
isa$xinst                    (abs)        000000
isr@c1                       bssCOMRAM    000035
main@F10470                  dataCOMRAM   00002B
main@c                       cstackCOMRAM 000023
main@cmp                     cstackCOMRAM 000029
main@flag                    cstackCOMRAM 000025
main@j                       cstackCOMRAM 00001C
main@key                     cstackCOMRAM 00002A
main@led                     cstackCOMRAM 000022
main@org_pass                cstackCOMRAM 00000A
main@user_pass               cstackCOMRAM 000013
read_switches@detection_type cstackCOMRAM 000001
read_switches@key            bssCOMRAM    00003B
read_switches@once           dataCOMRAM   000034
stackhi                      (abs)        000000
stacklo                      (abs)        000000
start                        init         00000E
start_initialization         cinit        000634
strcmp@l                     cstackCOMRAM 000001
strcmp@r                     cstackCOMRAM 000002
ttemp5                       temp         00003D
ttemp6                       temp         000040
ttemp7                       temp         000044
wtemp8                       temp         00003D


MODULE INFORMATION

Module		Function		Class		Link	Load	Size
matrix_keypad.c
		_init_matrix_keypad		CODE           	06DA	0000	18
		_read_switches 		CODE           	04BC	0000	118
		_scan_key      		CODE           	030C	0000	264

matrix_keypad.c estimated size: 400

C:\Program Files\Microchip\xc8\v2.46\pic\sources\c99\common\strcmp.c
		_strcmp        		CODE           	0592	0000	94

C:\Program Files\Microchip\xc8\v2.46\pic\sources\c99\common\strcmp.c estimated size: 94

isr.c
		_init_timer0   		CODE           	06A8	0000	26
		_isr           		CODE           	0008	0000	102

isr.c estimated size: 128

shared
		__initialization		CODE           	0634	0000	44

shared estimated size: 44

clcd.c
		_clcd_write    		CODE           	066E	0000	58
		_clcd_print    		CODE           	05F0	0000	68
		_clcd_putch    		CODE           	06C2	0000	24
		_init_clcd     		CODE           	0414	0000	168

clcd.c estimated size: 318

main.c
		_main          		CODE           	0012	0000	762
		_init_config   		CODE           	06EC	0000	14

main.c estimated size: 776

